this_is_a_string
1
0
0
1
78
NULL
0
this_is_a_string
0
1
